


ARM Macro Assembler    Page 1 


    1 00000000                 PRESERVE8
    2 00000000                 THUMB
    3 00000000         
    4 00000000         
    5 00000000         ; ====================== zone de réservation de données,
                         ======================================
    6 00000000         ;Section RAM (read only) :
    7 00000000                 area             mesdata,data,readonly
    8 00000000         
    9 00000000         
   10 00000000         ;Section RAM (read write):
   11 00000000                 area             maram,data,readwrite
   12 00000000         
   13 00000000         
   14 00000000         ;char FlagCligno
   15 00000000         ; DCB pour 8 bit
   16 00000000 00000000 
                       FlagCligno
                               DCD              0
   17 00000004         
   18 00000004                 EXPORT           FlagCligno
   19 00000004         
   20 00000004         
   21 00000004         ; ======================================================
                       =========================================
   22 00000004         
   23 00000004                 EXPORT           timer_callback
   24 00000004         
   25 00000004                 INCLUDE          ./Driver/DriverJeuLaser.inc
    1 00000004         
    2 00000004         ; Bibliotheque DriverJeuLaser (ancienne gassp72 adaptée 
                       2021 - TR)
    3 00000004         ; Accès en aux fonctions suivantes :
    4 00000004         ; GPIO :
    5 00000004         ; GPIOA_Set(char Broche), GPIOB_Set(char Broche), GPIOC_
                       Set(char Broche)
    6 00000004         ; GPIOA_Clear(char Broche), GPIOB_Clear(char Broche), GP
                       IOC_Clear(char Broche)
    7 00000004         
    8 00000004         ; PWM :
    9 00000004         ;/**
   10 00000004         ; * @brief  Fixe une valeur de PWM, Val, en tick horloge
                       . La rapport cyclique effectif
   11 00000004         ; * est donc : rcy = Thaut_ticks / Periode_ticks
   12 00000004         ; * @note   spécifique Jeu Laser, PWM liée exclusivement
                        au TIM3, chan3
   13 00000004         ; * @param  Thaut_ticks : durée de l'état haut d'une imp
                       ulsion en Ticks
   14 00000004         ;  * @retval None
   15 00000004         ; */
   16 00000004         
   17 00000004         ;void PWM_Set_Value_TIM3_Ch3( unsigned short int Thaut_t
                       icks);
   18 00000004                 import           PWM_Set_Value_TIM3_Ch3
   19 00000004         
   20 00000004         
   21 00000004         
   22 00000004         ;/**
   23 00000004         ; * @brief  Mise à 1 d'une broche GPIO 



ARM Macro Assembler    Page 2 


   24 00000004         ;  * @note   Une fonction par GPIO
   25 00000004         ; * @param  Broche : 0 à 15
   26 00000004         ; * @retval None
   27 00000004         ; */
   28 00000004         
   29 00000004         ;void GPIOA_Set(char Broche);
   30 00000004                 import           GPIOA_Set
   31 00000004         
   32 00000004         ;void GPIOB_Set(char Broche);
   33 00000004                 import           GPIOB_Set
   34 00000004         
   35 00000004         ;void GPIOC_Set(char Broche);
   36 00000004                 import           GPIOC_Set
   37 00000004         
   38 00000004         
   39 00000004         
   40 00000004         ;/**
   41 00000004         ; * @brief  Mise à 0 d'une broche GPIO 
   42 00000004         ;  * @note   Une fonction par GPIO
   43 00000004         ; * @param  Broche : 0 à 15
   44 00000004         ; * @retval None
   45 00000004         ;  */
   46 00000004         
   47 00000004         ;void GPIOA_Clear(char Broche);
   48 00000004                 import           GPIOA_Clear
   49 00000004         
   50 00000004         ;void GPIOB_Clear(char Broche);
   51 00000004                 import           GPIOB_Clear
   52 00000004         
   53 00000004         ;void GPIOC_Clear(char Broche);
   54 00000004                 import           GPIOC_Clear
   55 00000004         
   56 00000004                 end
   26 00000004         
   27 00000004         
   28 00000004         ;Section ROM code (read only) :  
   29 00000004                 area             moncode,code,readonly
   30 00000000         ; écrire le code ici  
   31 00000000         
   32 00000000         ;char FlagCligno;
   33 00000000         
   34 00000000         ;void timer_callback(void)
   35 00000000         ;{
   36 00000000         ; if (FlagCligno==1)
   37 00000000         ; {
   38 00000000         ;  FlagCligno=0;
   39 00000000         ;  GPIOB_Set(1);
   40 00000000         ; }
   41 00000000         ; else
   42 00000000         ; {
   43 00000000         ;  FlagCligno=1;
   44 00000000         ;  GPIOB_Clear(1);
   45 00000000         ; }
   46 00000000         ;  
   47 00000000         ;}
   48 00000000         
   49 00000000         timer_callback
                               proc
   50 00000000 B500            PUSH             {LR}



ARM Macro Assembler    Page 3 


   51 00000002         ;if (FlagCligno==1)
   52 00000002 490A            LDR              R1,=FlagCligno ;LDRB pour 8 bit
                                                            
   53 00000004 6808            LDR              R0,[R1]
   54 00000006 2801            CMP              R0,#1
   55 00000008 D107            BNE              els
   56 0000000A         ;then
   57 0000000A         ; FlagCligno = 1
   58 0000000A F04F 0000       MOV              R0,#0
   59 0000000E 6008            STR              R0,[R1]
   60 00000010         ;GPIOB_Set(1);
   61 00000010 F04F 0001       MOV              R0,#1
   62 00000014         
   63 00000014 F7FF FFFE       bl               GPIOB_Set   ;
   64 00000018         
   65 00000018         
   66 00000018 E006            B                finsi
   67 0000001A         ;else
   68 0000001A         els
   69 0000001A         ; FlagCligno = 0
   70 0000001A F04F 0001       MOV              R0,#1
   71 0000001E 6008            STR              R0,[R1]
   72 00000020         ;GPIOB_Set(0)
   73 00000020 F04F 0001       MOV              R0,#1
   74 00000024         
   75 00000024 F7FF FFFE       bl               GPIOB_Clear ;
   76 00000028         
   77 00000028         finsi
   78 00000028         
   79 00000028         ;pop lr
   80 00000028         ;BX LR
   81 00000028 BD00            pop              {pc}
   82 0000002A         
   83 0000002A         
   84 0000002A                 ENDP
   85 0000002A                 END
              00 00 00000000 
Command Line: --debug --xref --diag_suppress=9931 --cpu=Cortex-M3 --apcs=interw
ork --depend=.\obj\cligno.d -o.\obj\cligno.o -I.\RTE\_Simu -IC:\Programdata\Kei
l\Arm\Packs\ARM\CMSIS\5.7.0\CMSIS\Core\Include -IC:\Programdata\Keil\Arm\Packs\
Keil\STM32F1xx_DFP\2.3.0\Device\Include --predefine="__EVAL SETA 1" --predefine
="__MICROLIB SETA 1" --predefine="__UVISION_VERSION SETA 530" --predefine="_RTE
_ SETA 1" --predefine="STM32F10X_MD SETA 1" --predefine="_RTE_ SETA 1" --list=c
ligno.lst Src\Cligno.s



ARM Macro Assembler    Page 1 Alphabetic symbol ordering
Relocatable symbols

mesdata 00000000

Symbol: mesdata
   Definitions
      At line 7 in file Src\Cligno.s
   Uses
      None
Comment: mesdata unused
1 symbol



ARM Macro Assembler    Page 1 Alphabetic symbol ordering
Relocatable symbols

FlagCligno 00000000

Symbol: FlagCligno
   Definitions
      At line 16 in file Src\Cligno.s
   Uses
      At line 18 in file Src\Cligno.s
      At line 52 in file Src\Cligno.s

maram 00000000

Symbol: maram
   Definitions
      At line 11 in file Src\Cligno.s
   Uses
      None
Comment: maram unused
2 symbols



ARM Macro Assembler    Page 1 Alphabetic symbol ordering
Relocatable symbols

els 0000001A

Symbol: els
   Definitions
      At line 68 in file Src\Cligno.s
   Uses
      At line 55 in file Src\Cligno.s
Comment: els used once
finsi 00000028

Symbol: finsi
   Definitions
      At line 77 in file Src\Cligno.s
   Uses
      At line 66 in file Src\Cligno.s
Comment: finsi used once
moncode 00000000

Symbol: moncode
   Definitions
      At line 29 in file Src\Cligno.s
   Uses
      None
Comment: moncode unused
timer_callback 00000000

Symbol: timer_callback
   Definitions
      At line 49 in file Src\Cligno.s
   Uses
      At line 23 in file Src\Cligno.s
Comment: timer_callback used once
4 symbols



ARM Macro Assembler    Page 1 Alphabetic symbol ordering
External symbols

GPIOA_Clear 00000000

Symbol: GPIOA_Clear
   Definitions
      At line 48 in file .\Driver\DriverJeuLaser.inc
   Uses
      None
Comment: GPIOA_Clear unused
GPIOA_Set 00000000

Symbol: GPIOA_Set
   Definitions
      At line 30 in file .\Driver\DriverJeuLaser.inc
   Uses
      None
Comment: GPIOA_Set unused
GPIOB_Clear 00000000

Symbol: GPIOB_Clear
   Definitions
      At line 51 in file .\Driver\DriverJeuLaser.inc
   Uses
      At line 75 in file Src\Cligno.s
Comment: GPIOB_Clear used once
GPIOB_Set 00000000

Symbol: GPIOB_Set
   Definitions
      At line 33 in file .\Driver\DriverJeuLaser.inc
   Uses
      At line 63 in file Src\Cligno.s
Comment: GPIOB_Set used once
GPIOC_Clear 00000000

Symbol: GPIOC_Clear
   Definitions
      At line 54 in file .\Driver\DriverJeuLaser.inc
   Uses
      None
Comment: GPIOC_Clear unused
GPIOC_Set 00000000

Symbol: GPIOC_Set
   Definitions
      At line 36 in file .\Driver\DriverJeuLaser.inc
   Uses
      None
Comment: GPIOC_Set unused
PWM_Set_Value_TIM3_Ch3 00000000

Symbol: PWM_Set_Value_TIM3_Ch3
   Definitions
      At line 18 in file .\Driver\DriverJeuLaser.inc
   Uses
      None
Comment: PWM_Set_Value_TIM3_Ch3 unused
7 symbols
351 symbols in table
